Analysis & Synthesis report for DE10_Standard_nonogramaneitor
Sat Feb 17 00:49:13 2024
Quartus Prime Version 18.1.0 Build 625 09/12/2018 SJ Lite Edition


---------------------
; Table of Contents ;
---------------------
  1. Legal Notice
  2. Analysis & Synthesis Summary
  3. Analysis & Synthesis Settings
  4. Parallel Compilation
  5. Analysis & Synthesis Source Files Read
  6. Analysis & Synthesis Resource Usage Summary
  7. Analysis & Synthesis Resource Utilization by Entity
  8. Analysis & Synthesis DSP Block Usage Summary
  9. State Machine - |DE10_Standard_nonogramaneitor|LT24Setup:setup|LT24InitLCD:DUT_InitLCD|ep3
 10. State Machine - |DE10_Standard_nonogramaneitor|LT24Setup:setup|LT24InitLCD:DUT_InitLCD|ep2
 11. State Machine - |DE10_Standard_nonogramaneitor|LT24Setup:setup|LT24InitReset:DUT_RESET|ep
 12. State Machine - |DE10_Standard_nonogramaneitor|nono_graphics:graphics|epres
 13. State Machine - |DE10_Standard_nonogramaneitor|nono_graphics:graphics|nono_graphics_cursor:graphics_cursor|epres
 14. State Machine - |DE10_Standard_nonogramaneitor|nono_cursor:cursor|epres
 15. State Machine - |DE10_Standard_nonogramaneitor|LCD_DRAWING:drawing|epres
 16. State Machine - |DE10_Standard_nonogramaneitor|cmd_process:process_cmd|epres
 17. State Machine - |DE10_Standard_nonogramaneitor|mod_uart:uart|epres
 18. State Machine - |DE10_Standard_nonogramaneitor|lcd_ctrl_ent:ctrl|epres
 19. Registers Protected by Synthesis
 20. Registers Removed During Synthesis
 21. General Register Statistics
 22. Inverted Register Statistics
 23. Multiplexer Restructuring Statistics (Restructuring Performed)
 24. Source assignments for LT24Setup:setup|LT24InitReset:DUT_RESET
 25. Port Connectivity Checks: "LT24Setup:setup|LT24InitLCD:DUT_InitLCD|romsinc:DUT_ROM"
 26. Port Connectivity Checks: "LT24Setup:setup"
 27. Port Connectivity Checks: "nono_graphics:graphics|nono_graphics_cursor:graphics_cursor|SUBMOD_RAM:RAM"
 28. Post-Synthesis Netlist Statistics for Top Partition
 29. Elapsed Time Per Partition
 30. Analysis & Synthesis Messages



----------------
; Legal Notice ;
----------------
Copyright (C) 2018  Intel Corporation. All rights reserved.
Your use of Intel Corporation's design tools, logic functions 
and other software and tools, and its AMPP partner logic 
functions, and any output files from any of the foregoing 
(including device programming or simulation files), and any 
associated documentation or information are expressly subject 
to the terms and conditions of the Intel Program License 
Subscription Agreement, the Intel Quartus Prime License Agreement,
the Intel FPGA IP License Agreement, or other applicable license
agreement, including, without limitation, that your use is for
the sole purpose of programming logic devices manufactured by
Intel and sold by Intel or its authorized distributors.  Please
refer to the applicable agreement for further details.



+-------------------------------------------------------------------------------+
; Analysis & Synthesis Summary                                                  ;
+---------------------------------+---------------------------------------------+
; Analysis & Synthesis Status     ; Successful - Sat Feb 17 00:49:13 2024       ;
; Quartus Prime Version           ; 18.1.0 Build 625 09/12/2018 SJ Lite Edition ;
; Revision Name                   ; DE10_Standard_nonogramaneitor               ;
; Top-level Entity Name           ; DE10_Standard_nonogramaneitor               ;
; Family                          ; Cyclone V                                   ;
; Logic utilization (in ALMs)     ; N/A                                         ;
; Total registers                 ; 734                                         ;
; Total pins                      ; 38                                          ;
; Total virtual pins              ; 0                                           ;
; Total block memory bits         ; 0                                           ;
; Total DSP Blocks                ; 2                                           ;
; Total HSSI RX PCSs              ; 0                                           ;
; Total HSSI PMA RX Deserializers ; 0                                           ;
; Total HSSI TX PCSs              ; 0                                           ;
; Total HSSI PMA TX Serializers   ; 0                                           ;
; Total PLLs                      ; 0                                           ;
; Total DLLs                      ; 0                                           ;
+---------------------------------+---------------------------------------------+


+-------------------------------------------------------------------------------------------------------------------------------------------------+
; Analysis & Synthesis Settings                                                                                                                   ;
+---------------------------------------------------------------------------------+-------------------------------+-------------------------------+
; Option                                                                          ; Setting                       ; Default Value                 ;
+---------------------------------------------------------------------------------+-------------------------------+-------------------------------+
; Device                                                                          ; 5CSXFC6D6F31C6                ;                               ;
; Top-level entity name                                                           ; DE10_Standard_nonogramaneitor ; DE10_Standard_nonogramaneitor ;
; Family name                                                                     ; Cyclone V                     ; Cyclone V                     ;
; Maximum processors allowed for parallel compilation                             ; All                           ;                               ;
; Use smart compilation                                                           ; Off                           ; Off                           ;
; Enable parallel Assembler and Timing Analyzer during compilation                ; On                            ; On                            ;
; Enable compact report table                                                     ; Off                           ; Off                           ;
; Restructure Multiplexers                                                        ; Auto                          ; Auto                          ;
; MLAB Add Timing Constraints For Mixed-Port Feed-Through Mode Setting Don't Care ; Off                           ; Off                           ;
; Create Debugging Nodes for IP Cores                                             ; Off                           ; Off                           ;
; Preserve fewer node names                                                       ; On                            ; On                            ;
; Intel FPGA IP Evaluation Mode                                                   ; Enable                        ; Enable                        ;
; Verilog Version                                                                 ; Verilog_2001                  ; Verilog_2001                  ;
; VHDL Version                                                                    ; VHDL_1993                     ; VHDL_1993                     ;
; State Machine Processing                                                        ; Auto                          ; Auto                          ;
; Safe State Machine                                                              ; Off                           ; Off                           ;
; Extract Verilog State Machines                                                  ; On                            ; On                            ;
; Extract VHDL State Machines                                                     ; On                            ; On                            ;
; Ignore Verilog initial constructs                                               ; Off                           ; Off                           ;
; Iteration limit for constant Verilog loops                                      ; 5000                          ; 5000                          ;
; Iteration limit for non-constant Verilog loops                                  ; 250                           ; 250                           ;
; Add Pass-Through Logic to Inferred RAMs                                         ; On                            ; On                            ;
; Infer RAMs from Raw Logic                                                       ; On                            ; On                            ;
; Parallel Synthesis                                                              ; On                            ; On                            ;
; DSP Block Balancing                                                             ; Auto                          ; Auto                          ;
; NOT Gate Push-Back                                                              ; On                            ; On                            ;
; Power-Up Don't Care                                                             ; On                            ; On                            ;
; Remove Redundant Logic Cells                                                    ; Off                           ; Off                           ;
; Remove Duplicate Registers                                                      ; On                            ; On                            ;
; Ignore CARRY Buffers                                                            ; Off                           ; Off                           ;
; Ignore CASCADE Buffers                                                          ; Off                           ; Off                           ;
; Ignore GLOBAL Buffers                                                           ; Off                           ; Off                           ;
; Ignore ROW GLOBAL Buffers                                                       ; Off                           ; Off                           ;
; Ignore LCELL Buffers                                                            ; Off                           ; Off                           ;
; Ignore SOFT Buffers                                                             ; On                            ; On                            ;
; Limit AHDL Integers to 32 Bits                                                  ; Off                           ; Off                           ;
; Optimization Technique                                                          ; Balanced                      ; Balanced                      ;
; Carry Chain Length                                                              ; 70                            ; 70                            ;
; Auto Carry Chains                                                               ; On                            ; On                            ;
; Auto Open-Drain Pins                                                            ; On                            ; On                            ;
; Perform WYSIWYG Primitive Resynthesis                                           ; Off                           ; Off                           ;
; Auto ROM Replacement                                                            ; On                            ; On                            ;
; Auto RAM Replacement                                                            ; On                            ; On                            ;
; Auto DSP Block Replacement                                                      ; On                            ; On                            ;
; Auto Shift Register Replacement                                                 ; Auto                          ; Auto                          ;
; Allow Shift Register Merging across Hierarchies                                 ; Auto                          ; Auto                          ;
; Auto Clock Enable Replacement                                                   ; On                            ; On                            ;
; Strict RAM Replacement                                                          ; Off                           ; Off                           ;
; Allow Synchronous Control Signals                                               ; On                            ; On                            ;
; Force Use of Synchronous Clear Signals                                          ; Off                           ; Off                           ;
; Auto Resource Sharing                                                           ; Off                           ; Off                           ;
; Allow Any RAM Size For Recognition                                              ; Off                           ; Off                           ;
; Allow Any ROM Size For Recognition                                              ; Off                           ; Off                           ;
; Allow Any Shift Register Size For Recognition                                   ; Off                           ; Off                           ;
; Use LogicLock Constraints during Resource Balancing                             ; On                            ; On                            ;
; Ignore translate_off and synthesis_off directives                               ; Off                           ; Off                           ;
; Timing-Driven Synthesis                                                         ; On                            ; On                            ;
; Report Parameter Settings                                                       ; On                            ; On                            ;
; Report Source Assignments                                                       ; On                            ; On                            ;
; Report Connectivity Checks                                                      ; On                            ; On                            ;
; Ignore Maximum Fan-Out Assignments                                              ; Off                           ; Off                           ;
; Synchronization Register Chain Length                                           ; 3                             ; 3                             ;
; Power Optimization During Synthesis                                             ; Normal compilation            ; Normal compilation            ;
; HDL message level                                                               ; Level2                        ; Level2                        ;
; Suppress Register Optimization Related Messages                                 ; Off                           ; Off                           ;
; Number of Removed Registers Reported in Synthesis Report                        ; 5000                          ; 5000                          ;
; Number of Swept Nodes Reported in Synthesis Report                              ; 5000                          ; 5000                          ;
; Number of Inverted Registers Reported in Synthesis Report                       ; 100                           ; 100                           ;
; Clock MUX Protection                                                            ; On                            ; On                            ;
; Auto Gated Clock Conversion                                                     ; Off                           ; Off                           ;
; Block Design Naming                                                             ; Auto                          ; Auto                          ;
; SDC constraint protection                                                       ; Off                           ; Off                           ;
; Synthesis Effort                                                                ; Auto                          ; Auto                          ;
; Shift Register Replacement - Allow Asynchronous Clear Signal                    ; On                            ; On                            ;
; Pre-Mapping Resynthesis Optimization                                            ; Off                           ; Off                           ;
; Analysis & Synthesis Message Level                                              ; Medium                        ; Medium                        ;
; Disable Register Merging Across Hierarchies                                     ; Auto                          ; Auto                          ;
; Resource Aware Inference For Block RAM                                          ; On                            ; On                            ;
; Automatic Parallel Synthesis                                                    ; On                            ; On                            ;
; Partial Reconfiguration Bitstream ID                                            ; Off                           ; Off                           ;
+---------------------------------------------------------------------------------+-------------------------------+-------------------------------+


+------------------------------------------+
; Parallel Compilation                     ;
+----------------------------+-------------+
; Processors                 ; Number      ;
+----------------------------+-------------+
; Number detected on machine ; 16          ;
; Maximum allowed            ; 8           ;
;                            ;             ;
; Average used               ; 1.00        ;
; Maximum used               ; 8           ;
;                            ;             ;
; Usage by Processor         ; % Time Used ;
;     Processor 1            ; 100.0%      ;
;     Processor 2            ;   0.0%      ;
;     Processor 3            ;   0.0%      ;
;     Processor 4            ;   0.0%      ;
;     Processor 5            ;   0.0%      ;
;     Processor 6            ;   0.0%      ;
;     Processor 7            ;   0.0%      ;
;     Processor 8            ;   0.0%      ;
+----------------------------+-------------+


+-------------------------------------------------------------------------------------------------------------------------------------------------------------------------------+
; Analysis & Synthesis Source Files Read                                                                                                                                        ;
+------------------------------------------+-----------------+-----------------+--------------------------------------------------------------------------------------+---------+
; File Name with User-Entered Path         ; Used in Netlist ; File Type       ; File Name with Absolute Path                                                         ; Library ;
+------------------------------------------+-----------------+-----------------+--------------------------------------------------------------------------------------+---------+
; ../FicherosVHDL/NONO_CURSOR.vhd          ; yes             ; User VHDL File  ; C:/Users/wicrux/Documents/GitHub/Nonograma/FicherosVHDL/NONO_CURSOR.vhd              ;         ;
; ../FicherosVHDL/NONO_GRAPHICS.vhd        ; yes             ; User VHDL File  ; C:/Users/wicrux/Documents/GitHub/Nonograma/FicherosVHDL/NONO_GRAPHICS.vhd            ;         ;
; ../FicherosVHDL/MOD_UART.vhd             ; yes             ; User VHDL File  ; C:/Users/wicrux/Documents/GitHub/Nonograma/FicherosVHDL/MOD_UART.vhd                 ;         ;
; ../FicherosVHDL/CMD_PROCESS.vhd          ; yes             ; User VHDL File  ; C:/Users/wicrux/Documents/GitHub/Nonograma/FicherosVHDL/CMD_PROCESS.vhd              ;         ;
; ../FicherosVHDL/LCD_CTRL.vhd             ; yes             ; User VHDL File  ; C:/Users/wicrux/Documents/GitHub/Nonograma/FicherosVHDL/LCD_CTRL.vhd                 ;         ;
; ../FicherosVHDL/SUBMODULE_RAM.vhd        ; yes             ; User VHDL File  ; C:/Users/wicrux/Documents/GitHub/Nonograma/FicherosVHDL/SUBMODULE_RAM.vhd            ;         ;
; ../FicherosVHDL/NONO_GRAPHICS_cursor.vhd ; yes             ; User VHDL File  ; C:/Users/wicrux/Documents/GitHub/Nonograma/FicherosVHDL/NONO_GRAPHICS_cursor.vhd     ;         ;
; ../FicherosVHDL/LCD_DRAWING.2.0.vhd      ; yes             ; User VHDL File  ; C:/Users/wicrux/Documents/GitHub/Nonograma/FicherosVHDL/LCD_DRAWING.2.0.vhd          ;         ;
; DE10_Standard_nonogramaneitor.vhd        ; yes             ; User VHDL File  ; C:/Users/wicrux/Documents/GitHub/Nonograma/Quartus/DE10_Standard_nonogramaneitor.vhd ;         ;
; ../LT24Setup/romsinc.vhd                 ; yes             ; User VHDL File  ; C:/Users/wicrux/Documents/GitHub/Nonograma/LT24Setup/romsinc.vhd                     ;         ;
; ../LT24Setup/LT24setup.vhd               ; yes             ; User VHDL File  ; C:/Users/wicrux/Documents/GitHub/Nonograma/LT24Setup/LT24setup.vhd                   ;         ;
; ../LT24Setup/LT24InitReset.vhd           ; yes             ; User VHDL File  ; C:/Users/wicrux/Documents/GitHub/Nonograma/LT24Setup/LT24InitReset.vhd               ;         ;
; ../LT24Setup/LT24InitLCD.vhd             ; yes             ; User VHDL File  ; C:/Users/wicrux/Documents/GitHub/Nonograma/LT24Setup/LT24InitLCD.vhd                 ;         ;
; ../LT24Setup/Init128rom_pkg.vhd          ; yes             ; User VHDL File  ; C:/Users/wicrux/Documents/GitHub/Nonograma/LT24Setup/Init128rom_pkg.vhd              ;         ;
+------------------------------------------+-----------------+-----------------+--------------------------------------------------------------------------------------+---------+


+--------------------------------------------------------------+
; Analysis & Synthesis Resource Usage Summary                  ;
+---------------------------------------------+----------------+
; Resource                                    ; Usage          ;
+---------------------------------------------+----------------+
; Estimate of Logic utilization (ALMs needed) ; 723            ;
;                                             ;                ;
; Combinational ALUT usage for logic          ; 1098           ;
;     -- 7 input functions                    ; 96             ;
;     -- 6 input functions                    ; 242            ;
;     -- 5 input functions                    ; 121            ;
;     -- 4 input functions                    ; 202            ;
;     -- <=3 input functions                  ; 437            ;
;                                             ;                ;
; Dedicated logic registers                   ; 734            ;
;                                             ;                ;
; I/O pins                                    ; 38             ;
;                                             ;                ;
; Total DSP Blocks                            ; 2              ;
;                                             ;                ;
; Maximum fan-out node                        ; CLOCK_50~input ;
; Maximum fan-out                             ; 734            ;
; Total fan-out                               ; 7335           ;
; Average fan-out                             ; 3.84           ;
+---------------------------------------------+----------------+


+------------------------------------------------------------------------------------------------------------------------------------------------------------------------------------------------------------------------------------------------------------------------------------------------------------------+
; Analysis & Synthesis Resource Utilization by Entity                                                                                                                                                                                                                                                              ;
+----------------------------------------------+---------------------+---------------------------+-------------------+------------+------+--------------+-----------------------------------------------------------------------------------------------------------+-------------------------------+--------------+
; Compilation Hierarchy Node                   ; Combinational ALUTs ; Dedicated Logic Registers ; Block Memory Bits ; DSP Blocks ; Pins ; Virtual Pins ; Full Hierarchy Name                                                                                       ; Entity Name                   ; Library Name ;
+----------------------------------------------+---------------------+---------------------------+-------------------+------------+------+--------------+-----------------------------------------------------------------------------------------------------------+-------------------------------+--------------+
; |DE10_Standard_nonogramaneitor               ; 1098 (1)            ; 734 (0)                   ; 0                 ; 2          ; 38   ; 0            ; |DE10_Standard_nonogramaneitor                                                                            ; DE10_Standard_nonogramaneitor ; work         ;
;    |LCD_DRAWING:drawing|                     ; 196 (196)           ; 114 (114)                 ; 0                 ; 0          ; 0    ; 0            ; |DE10_Standard_nonogramaneitor|LCD_DRAWING:drawing                                                        ; LCD_DRAWING                   ; work         ;
;    |LT24Setup:setup|                         ; 179 (43)            ; 135 (19)                  ; 0                 ; 0          ; 0    ; 0            ; |DE10_Standard_nonogramaneitor|LT24Setup:setup                                                            ; LT24Setup                     ; work         ;
;       |LT24InitLCD:DUT_InitLCD|              ; 32 (24)             ; 31 (24)                   ; 0                 ; 0          ; 0    ; 0            ; |DE10_Standard_nonogramaneitor|LT24Setup:setup|LT24InitLCD:DUT_InitLCD                                    ; LT24InitLCD                   ; work         ;
;          |romsinc:DUT_ROM|                   ; 8 (8)               ; 7 (7)                     ; 0                 ; 0          ; 0    ; 0            ; |DE10_Standard_nonogramaneitor|LT24Setup:setup|LT24InitLCD:DUT_InitLCD|romsinc:DUT_ROM                    ; romsinc                       ; work         ;
;       |LT24InitReset:DUT_RESET|              ; 104 (104)           ; 85 (85)                   ; 0                 ; 0          ; 0    ; 0            ; |DE10_Standard_nonogramaneitor|LT24Setup:setup|LT24InitReset:DUT_RESET                                    ; LT24InitReset                 ; work         ;
;    |cmd_process:process_cmd|                 ; 34 (34)             ; 27 (27)                   ; 0                 ; 0          ; 0    ; 0            ; |DE10_Standard_nonogramaneitor|cmd_process:process_cmd                                                    ; cmd_process                   ; work         ;
;    |lcd_ctrl_ent:ctrl|                       ; 60 (60)             ; 69 (69)                   ; 0                 ; 0          ; 0    ; 0            ; |DE10_Standard_nonogramaneitor|lcd_ctrl_ent:ctrl                                                          ; lcd_ctrl_ent                  ; work         ;
;    |mod_uart:uart|                           ; 35 (35)             ; 26 (26)                   ; 0                 ; 0          ; 0    ; 0            ; |DE10_Standard_nonogramaneitor|mod_uart:uart                                                              ; mod_uart                      ; work         ;
;    |nono_cursor:cursor|                      ; 22 (22)             ; 18 (18)                   ; 0                 ; 0          ; 0    ; 0            ; |DE10_Standard_nonogramaneitor|nono_cursor:cursor                                                         ; nono_cursor                   ; work         ;
;    |nono_graphics:graphics|                  ; 571 (274)           ; 345 (164)                 ; 0                 ; 2          ; 0    ; 0            ; |DE10_Standard_nonogramaneitor|nono_graphics:graphics                                                     ; nono_graphics                 ; work         ;
;       |nono_graphics_cursor:graphics_cursor| ; 297 (62)            ; 181 (52)                  ; 0                 ; 2          ; 0    ; 0            ; |DE10_Standard_nonogramaneitor|nono_graphics:graphics|nono_graphics_cursor:graphics_cursor                ; nono_graphics_cursor          ; work         ;
;          |SUBMOD_RAM:RAM|                    ; 235 (235)           ; 129 (129)                 ; 0                 ; 0          ; 0    ; 0            ; |DE10_Standard_nonogramaneitor|nono_graphics:graphics|nono_graphics_cursor:graphics_cursor|SUBMOD_RAM:RAM ; SUBMOD_RAM                    ; work         ;
+----------------------------------------------+---------------------+---------------------------+-------------------+------------+------+--------------+-----------------------------------------------------------------------------------------------------------+-------------------------------+--------------+
Note: For table entries with two numbers listed, the numbers in parentheses indicate the number of resources of the given type used by the specific entity alone. The numbers listed outside of parentheses indicate the total resources of the given type used by the specific entity and all of its sub-entities in the hierarchy.


+-----------------------------------------------+
; Analysis & Synthesis DSP Block Usage Summary  ;
+---------------------------------+-------------+
; Statistic                       ; Number Used ;
+---------------------------------+-------------+
; Independent 9x9                 ; 2           ;
; Total number of DSP blocks      ; 2           ;
;                                 ;             ;
; Fixed Point Unsigned Multiplier ; 2           ;
+---------------------------------+-------------+


Encoding Type:  One-Hot
+-------------------------------------------------------------------------------------------------------------------------------------------------------------------------------------+
; State Machine - |DE10_Standard_nonogramaneitor|LT24Setup:setup|LT24InitLCD:DUT_InitLCD|ep3                                                                                          ;
+-------------------------+---------------------+-------------------------+-------------------------+----------------------+----------------------+---------------------+-------------+
; Name                    ; ep3.e_End_INIT_LT24 ; ep3.e_End_Send_CMD_DATA ; ep3.e_wait_sendCMD_DATA ; ep3.e_read_CMD_DATA3 ; ep3.e_read_CMD_DATA2 ; ep3.e_read_CMD_DATA ; ep3.e_init3 ;
+-------------------------+---------------------+-------------------------+-------------------------+----------------------+----------------------+---------------------+-------------+
; ep3.e_init3             ; 0                   ; 0                       ; 0                       ; 0                    ; 0                    ; 0                   ; 0           ;
; ep3.e_read_CMD_DATA     ; 0                   ; 0                       ; 0                       ; 0                    ; 0                    ; 1                   ; 1           ;
; ep3.e_read_CMD_DATA2    ; 0                   ; 0                       ; 0                       ; 0                    ; 1                    ; 0                   ; 1           ;
; ep3.e_read_CMD_DATA3    ; 0                   ; 0                       ; 0                       ; 1                    ; 0                    ; 0                   ; 1           ;
; ep3.e_wait_sendCMD_DATA ; 0                   ; 0                       ; 1                       ; 0                    ; 0                    ; 0                   ; 1           ;
; ep3.e_End_Send_CMD_DATA ; 0                   ; 1                       ; 0                       ; 0                    ; 0                    ; 0                   ; 1           ;
; ep3.e_End_INIT_LT24     ; 1                   ; 0                       ; 0                       ; 0                    ; 0                    ; 0                   ; 1           ;
+-------------------------+---------------------+-------------------------+-------------------------+----------------------+----------------------+---------------------+-------------+


Encoding Type:  One-Hot
+-----------------------------------------------------------------------------------------------------------------------------+
; State Machine - |DE10_Standard_nonogramaneitor|LT24Setup:setup|LT24InitLCD:DUT_InitLCD|ep2                                  ;
+----------------------+--------------------+----------------------+----------------------+---------------------+-------------+
; Name                 ; ep2.e_End_CMD_DATA ; ep2.e_wait1_sendByte ; ep2.e_send_CMD_DATA2 ; ep2.e_send_CMD_DATA ; ep2.e_init2 ;
+----------------------+--------------------+----------------------+----------------------+---------------------+-------------+
; ep2.e_init2          ; 0                  ; 0                    ; 0                    ; 0                   ; 0           ;
; ep2.e_send_CMD_DATA  ; 0                  ; 0                    ; 0                    ; 1                   ; 1           ;
; ep2.e_send_CMD_DATA2 ; 0                  ; 0                    ; 1                    ; 0                   ; 1           ;
; ep2.e_wait1_sendByte ; 0                  ; 1                    ; 0                    ; 0                   ; 1           ;
; ep2.e_End_CMD_DATA   ; 1                  ; 0                    ; 0                    ; 0                   ; 1           ;
+----------------------+--------------------+----------------------+----------------------+---------------------+-------------+


Encoding Type:  One-Hot
+-------------------------------------------------------------------------------------------+
; State Machine - |DE10_Standard_nonogramaneitor|LT24Setup:setup|LT24InitReset:DUT_RESET|ep ;
+-------------+-----------+------------+------------+------------+-------------+------------+
; Name        ; ep.e_done ; ep.e_wait2 ; ep.e_wait1 ; ep.e_wait0 ; ep.e_wait00 ; ep.e_init  ;
+-------------+-----------+------------+------------+------------+-------------+------------+
; ep.e_init   ; 0         ; 0          ; 0          ; 0          ; 0           ; 0          ;
; ep.e_wait00 ; 0         ; 0          ; 0          ; 0          ; 1           ; 1          ;
; ep.e_wait0  ; 0         ; 0          ; 0          ; 1          ; 0           ; 1          ;
; ep.e_wait1  ; 0         ; 0          ; 1          ; 0          ; 0           ; 1          ;
; ep.e_wait2  ; 0         ; 1          ; 0          ; 0          ; 0           ; 1          ;
; ep.e_done   ; 1         ; 0          ; 0          ; 0          ; 0           ; 1          ;
+-------------+-----------+------------+------------+------------+-------------+------------+


Encoding Type:  One-Hot
+---------------------------------------------------------------------------------------------------------------------------------------------------------------+
; State Machine - |DE10_Standard_nonogramaneitor|nono_graphics:graphics|epres                                                                                   ;
+-------------------+-------------------+-----------------+----------------+----------------+----------------+----------------+----------------+----------------+
; Name              ; epres.E_W8_CURSOR ; epres.E_DIB_FIG ; epres.E_LD_POS ; epres.E_CL_FIG ; epres.E_W8_DEL ; epres.E_LD_SOL ; epres.E_W8_CMD ; epres.E_W8_INI ;
+-------------------+-------------------+-----------------+----------------+----------------+----------------+----------------+----------------+----------------+
; epres.E_W8_INI    ; 0                 ; 0               ; 0              ; 0              ; 0              ; 0              ; 0              ; 0              ;
; epres.E_W8_CMD    ; 0                 ; 0               ; 0              ; 0              ; 0              ; 0              ; 1              ; 1              ;
; epres.E_LD_SOL    ; 0                 ; 0               ; 0              ; 0              ; 0              ; 1              ; 0              ; 1              ;
; epres.E_W8_DEL    ; 0                 ; 0               ; 0              ; 0              ; 1              ; 0              ; 0              ; 1              ;
; epres.E_CL_FIG    ; 0                 ; 0               ; 0              ; 1              ; 0              ; 0              ; 0              ; 1              ;
; epres.E_LD_POS    ; 0                 ; 0               ; 1              ; 0              ; 0              ; 0              ; 0              ; 1              ;
; epres.E_DIB_FIG   ; 0                 ; 1               ; 0              ; 0              ; 0              ; 0              ; 0              ; 1              ;
; epres.E_W8_CURSOR ; 1                 ; 0               ; 0              ; 0              ; 0              ; 0              ; 0              ; 1              ;
+-------------------+-------------------+-----------------+----------------+----------------+----------------+----------------+----------------+----------------+


Encoding Type:  One-Hot
+--------------------------------------------------------------------------------------------------------------------------------------------------------------------------------------------------------------------------------------------------------------------------------------------------+
; State Machine - |DE10_Standard_nonogramaneitor|nono_graphics:graphics|nono_graphics_cursor:graphics_cursor|epres                                                                                                                                                                                 ;
+------------------------+-------------+------------------------+-----------------+-------------------+------------------+---------------------+-----------------+----------------+---------------------+------------------+--------------+--------------+---------------------+-------------------+
; Name                   ; epres.E_WIN ; epres.E_INCR_SAMECOUNT ; epres.E_W8_RAMS ; epres.E_CHECK_WIN ; epres.E_DRAWTRIA ; epres.E_TRADUCCION2 ; epres.E_ESPERA2 ; epres.E_ESPERA ; epres.E_DONE_UPDATE ; epres.E_DRAWCUAD ; epres.E_FLIP ; epres.E_READ ; epres.E_TRADUCCION1 ; epres.E_W8_CURSOR ;
+------------------------+-------------+------------------------+-----------------+-------------------+------------------+---------------------+-----------------+----------------+---------------------+------------------+--------------+--------------+---------------------+-------------------+
; epres.E_W8_CURSOR      ; 0           ; 0                      ; 0               ; 0                 ; 0                ; 0                   ; 0               ; 0              ; 0                   ; 0                ; 0            ; 0            ; 0                   ; 0                 ;
; epres.E_TRADUCCION1    ; 0           ; 0                      ; 0               ; 0                 ; 0                ; 0                   ; 0               ; 0              ; 0                   ; 0                ; 0            ; 0            ; 1                   ; 1                 ;
; epres.E_READ           ; 0           ; 0                      ; 0               ; 0                 ; 0                ; 0                   ; 0               ; 0              ; 0                   ; 0                ; 0            ; 1            ; 0                   ; 1                 ;
; epres.E_FLIP           ; 0           ; 0                      ; 0               ; 0                 ; 0                ; 0                   ; 0               ; 0              ; 0                   ; 0                ; 1            ; 0            ; 0                   ; 1                 ;
; epres.E_DRAWCUAD       ; 0           ; 0                      ; 0               ; 0                 ; 0                ; 0                   ; 0               ; 0              ; 0                   ; 1                ; 0            ; 0            ; 0                   ; 1                 ;
; epres.E_DONE_UPDATE    ; 0           ; 0                      ; 0               ; 0                 ; 0                ; 0                   ; 0               ; 0              ; 1                   ; 0                ; 0            ; 0            ; 0                   ; 1                 ;
; epres.E_ESPERA         ; 0           ; 0                      ; 0               ; 0                 ; 0                ; 0                   ; 0               ; 1              ; 0                   ; 0                ; 0            ; 0            ; 0                   ; 1                 ;
; epres.E_ESPERA2        ; 0           ; 0                      ; 0               ; 0                 ; 0                ; 0                   ; 1               ; 0              ; 0                   ; 0                ; 0            ; 0            ; 0                   ; 1                 ;
; epres.E_TRADUCCION2    ; 0           ; 0                      ; 0               ; 0                 ; 0                ; 1                   ; 0               ; 0              ; 0                   ; 0                ; 0            ; 0            ; 0                   ; 1                 ;
; epres.E_DRAWTRIA       ; 0           ; 0                      ; 0               ; 0                 ; 1                ; 0                   ; 0               ; 0              ; 0                   ; 0                ; 0            ; 0            ; 0                   ; 1                 ;
; epres.E_CHECK_WIN      ; 0           ; 0                      ; 0               ; 1                 ; 0                ; 0                   ; 0               ; 0              ; 0                   ; 0                ; 0            ; 0            ; 0                   ; 1                 ;
; epres.E_W8_RAMS        ; 0           ; 0                      ; 1               ; 0                 ; 0                ; 0                   ; 0               ; 0              ; 0                   ; 0                ; 0            ; 0            ; 0                   ; 1                 ;
; epres.E_INCR_SAMECOUNT ; 0           ; 1                      ; 0               ; 0                 ; 0                ; 0                   ; 0               ; 0              ; 0                   ; 0                ; 0            ; 0            ; 0                   ; 1                 ;
; epres.E_WIN            ; 1           ; 0                      ; 0               ; 0                 ; 0                ; 0                   ; 0               ; 0              ; 0                   ; 0                ; 0            ; 0            ; 0                   ; 1                 ;
+------------------------+-------------+------------------------+-----------------+-------------------+------------------+---------------------+-----------------+----------------+---------------------+------------------+--------------+--------------+---------------------+-------------------+


Encoding Type:  One-Hot
+------------------------------------------------------------------------------------------------------------------------------------------------------------+
; State Machine - |DE10_Standard_nonogramaneitor|nono_cursor:cursor|epres                                                                                    ;
+-----------------------+--------------+----------------+-----------------------+---------------------+--------------------+----------------+----------------+
; Name                  ; epres.E_DONE ; epres.E_TOGGLE ; epres.E_REDRAW_CURSOR ; epres.E_REDRAW_CELL ; epres.E_CMD_DECODE ; epres.E_W8_CMD ; epres.E_W8_INI ;
+-----------------------+--------------+----------------+-----------------------+---------------------+--------------------+----------------+----------------+
; epres.E_W8_INI        ; 0            ; 0              ; 0                     ; 0                   ; 0                  ; 0              ; 0              ;
; epres.E_W8_CMD        ; 0            ; 0              ; 0                     ; 0                   ; 0                  ; 1              ; 1              ;
; epres.E_CMD_DECODE    ; 0            ; 0              ; 0                     ; 0                   ; 1                  ; 0              ; 1              ;
; epres.E_REDRAW_CELL   ; 0            ; 0              ; 0                     ; 1                   ; 0                  ; 0              ; 1              ;
; epres.E_REDRAW_CURSOR ; 0            ; 0              ; 1                     ; 0                   ; 0                  ; 0              ; 1              ;
; epres.E_TOGGLE        ; 0            ; 1              ; 0                     ; 0                   ; 0                  ; 0              ; 1              ;
; epres.E_DONE          ; 1            ; 0              ; 0                     ; 0                   ; 0                  ; 0              ; 1              ;
+-----------------------+--------------+----------------+-----------------------+---------------------+--------------------+----------------+----------------+


Encoding Type:  One-Hot
+---------------------------------------------------------------------------------------------------------------------------------------------------------------------------+
; State Machine - |DE10_Standard_nonogramaneitor|LCD_DRAWING:drawing|epres                                                                                                  ;
+-------------------+------------------+-------------------+-------------------+-------------------+-------------------+------------------+----------------+----------------+
; Name              ; epres.E_DONE_FIG ; epres.E_FIGCOLOUR ; epres.E_FIGCURSOR ; epres.E_DELCOLOUR ; epres.E_DELCURSOR ; epres.E_LINE_PIX ; epres.E_W8_CMD ; epres.E_CL_FIG ;
+-------------------+------------------+-------------------+-------------------+-------------------+-------------------+------------------+----------------+----------------+
; epres.E_CL_FIG    ; 0                ; 0                 ; 0                 ; 0                 ; 0                 ; 0                ; 0              ; 0              ;
; epres.E_W8_CMD    ; 0                ; 0                 ; 0                 ; 0                 ; 0                 ; 0                ; 1              ; 1              ;
; epres.E_LINE_PIX  ; 0                ; 0                 ; 0                 ; 0                 ; 0                 ; 1                ; 0              ; 1              ;
; epres.E_DELCURSOR ; 0                ; 0                 ; 0                 ; 0                 ; 1                 ; 0                ; 0              ; 1              ;
; epres.E_DELCOLOUR ; 0                ; 0                 ; 0                 ; 1                 ; 0                 ; 0                ; 0              ; 1              ;
; epres.E_FIGCURSOR ; 0                ; 0                 ; 1                 ; 0                 ; 0                 ; 0                ; 0              ; 1              ;
; epres.E_FIGCOLOUR ; 0                ; 1                 ; 0                 ; 0                 ; 0                 ; 0                ; 0              ; 1              ;
; epres.E_DONE_FIG  ; 1                ; 0                 ; 0                 ; 0                 ; 0                 ; 0                ; 0              ; 1              ;
+-------------------+------------------+-------------------+-------------------+-------------------+-------------------+------------------+----------------+----------------+


Encoding Type:  One-Hot
+-------------------------------------------------------------------------------------------------------------------------------------------------------------------------------+
; State Machine - |DE10_Standard_nonogramaneitor|cmd_process:process_cmd|epres                                                                                                  ;
+------------------------+------------------------+-------------------+-----------------------+------------------+--------------------+--------------------+--------------------+
; Name                   ; epres.E_HANDSHAKE_NONO ; epres.E_MODE_NONO ; epres.E_HANDSHAKE_SOL ; epres.E_MODE_INI ; epres.E_NOTIFY_INI ; epres.E_CHECK_CODE ; epres.E_W8_UART_GO ;
+------------------------+------------------------+-------------------+-----------------------+------------------+--------------------+--------------------+--------------------+
; epres.E_W8_UART_GO     ; 0                      ; 0                 ; 0                     ; 0                ; 0                  ; 0                  ; 0                  ;
; epres.E_CHECK_CODE     ; 0                      ; 0                 ; 0                     ; 0                ; 0                  ; 1                  ; 1                  ;
; epres.E_NOTIFY_INI     ; 0                      ; 0                 ; 0                     ; 0                ; 1                  ; 0                  ; 1                  ;
; epres.E_MODE_INI       ; 0                      ; 0                 ; 0                     ; 1                ; 0                  ; 0                  ; 1                  ;
; epres.E_HANDSHAKE_SOL  ; 0                      ; 0                 ; 1                     ; 0                ; 0                  ; 0                  ; 1                  ;
; epres.E_MODE_NONO      ; 0                      ; 1                 ; 0                     ; 0                ; 0                  ; 0                  ; 1                  ;
; epres.E_HANDSHAKE_NONO ; 1                      ; 0                 ; 0                     ; 0                ; 0                  ; 0                  ; 1                  ;
+------------------------+------------------------+-------------------+-----------------------+------------------+--------------------+--------------------+--------------------+


Encoding Type:  One-Hot
+----------------------------------------------------------------------------------+
; State Machine - |DE10_Standard_nonogramaneitor|mod_uart:uart|epres               ;
+-----------------+-----------------+--------------+---------------+---------------+
; Name            ; epres.E_W8_TICK ; epres.E_LOOP ; epres.E_MITAD ; epres.E_W8_RX ;
+-----------------+-----------------+--------------+---------------+---------------+
; epres.E_W8_RX   ; 0               ; 0            ; 0             ; 0             ;
; epres.E_MITAD   ; 0               ; 0            ; 1             ; 1             ;
; epres.E_LOOP    ; 0               ; 1            ; 0             ; 1             ;
; epres.E_W8_TICK ; 1               ; 0            ; 0             ; 1             ;
+-----------------+-----------------+--------------+---------------+---------------+


Encoding Type:  One-Hot
+-------------------------------------------------------------------------------------------------------------------------------------------------------------------------------------+
; State Machine - |DE10_Standard_nonogramaneitor|lcd_ctrl_ent:ctrl|epres                                                                                                              ;
+-----------+-----------+-----------+-----------+-----------+-----------+----------+----------+----------+----------+----------+----------+----------+----------+----------+----------+
; Name      ; epres.E14 ; epres.E13 ; epres.E12 ; epres.E11 ; epres.E10 ; epres.E9 ; epres.E8 ; epres.E7 ; epres.E6 ; epres.E5 ; epres.E4 ; epres.E3 ; epres.E2 ; epres.E1 ; epres.E0 ;
+-----------+-----------+-----------+-----------+-----------+-----------+----------+----------+----------+----------+----------+----------+----------+----------+----------+----------+
; epres.E0  ; 0         ; 0         ; 0         ; 0         ; 0         ; 0        ; 0        ; 0        ; 0        ; 0        ; 0        ; 0        ; 0        ; 0        ; 0        ;
; epres.E1  ; 0         ; 0         ; 0         ; 0         ; 0         ; 0        ; 0        ; 0        ; 0        ; 0        ; 0        ; 0        ; 0        ; 1        ; 1        ;
; epres.E2  ; 0         ; 0         ; 0         ; 0         ; 0         ; 0        ; 0        ; 0        ; 0        ; 0        ; 0        ; 0        ; 1        ; 0        ; 1        ;
; epres.E3  ; 0         ; 0         ; 0         ; 0         ; 0         ; 0        ; 0        ; 0        ; 0        ; 0        ; 0        ; 1        ; 0        ; 0        ; 1        ;
; epres.E4  ; 0         ; 0         ; 0         ; 0         ; 0         ; 0        ; 0        ; 0        ; 0        ; 0        ; 1        ; 0        ; 0        ; 0        ; 1        ;
; epres.E5  ; 0         ; 0         ; 0         ; 0         ; 0         ; 0        ; 0        ; 0        ; 0        ; 1        ; 0        ; 0        ; 0        ; 0        ; 1        ;
; epres.E6  ; 0         ; 0         ; 0         ; 0         ; 0         ; 0        ; 0        ; 0        ; 1        ; 0        ; 0        ; 0        ; 0        ; 0        ; 1        ;
; epres.E7  ; 0         ; 0         ; 0         ; 0         ; 0         ; 0        ; 0        ; 1        ; 0        ; 0        ; 0        ; 0        ; 0        ; 0        ; 1        ;
; epres.E8  ; 0         ; 0         ; 0         ; 0         ; 0         ; 0        ; 1        ; 0        ; 0        ; 0        ; 0        ; 0        ; 0        ; 0        ; 1        ;
; epres.E9  ; 0         ; 0         ; 0         ; 0         ; 0         ; 1        ; 0        ; 0        ; 0        ; 0        ; 0        ; 0        ; 0        ; 0        ; 1        ;
; epres.E10 ; 0         ; 0         ; 0         ; 0         ; 1         ; 0        ; 0        ; 0        ; 0        ; 0        ; 0        ; 0        ; 0        ; 0        ; 1        ;
; epres.E11 ; 0         ; 0         ; 0         ; 1         ; 0         ; 0        ; 0        ; 0        ; 0        ; 0        ; 0        ; 0        ; 0        ; 0        ; 1        ;
; epres.E12 ; 0         ; 0         ; 1         ; 0         ; 0         ; 0        ; 0        ; 0        ; 0        ; 0        ; 0        ; 0        ; 0        ; 0        ; 1        ;
; epres.E13 ; 0         ; 1         ; 0         ; 0         ; 0         ; 0        ; 0        ; 0        ; 0        ; 0        ; 0        ; 0        ; 0        ; 0        ; 1        ;
; epres.E14 ; 1         ; 0         ; 0         ; 0         ; 0         ; 0        ; 0        ; 0        ; 0        ; 0        ; 0        ; 0        ; 0        ; 0        ; 1        ;
+-----------+-----------+-----------+-----------+-----------+-----------+----------+----------+----------+----------+----------+----------+----------+----------+----------+----------+


+-------------------------------------------------------------------------------------------------------------------------------------------------------------------+
; Registers Protected by Synthesis                                                                                                                                  ;
+---------------------------------------------------+------------------------------------------------------------------+--------------------------------------------+
; Register Name                                     ; Protected by Synthesis Attribute or Preserve Register Assignment ; Not to be Touched by Netlist Optimizations ;
+---------------------------------------------------+------------------------------------------------------------------+--------------------------------------------+
; LT24Setup:setup|LT24InitReset:DUT_RESET|divclk[8] ; yes                                                              ; yes                                        ;
; LT24Setup:setup|LT24InitReset:DUT_RESET|divclk[7] ; yes                                                              ; yes                                        ;
; LT24Setup:setup|LT24InitReset:DUT_RESET|divclk[6] ; yes                                                              ; yes                                        ;
; LT24Setup:setup|LT24InitReset:DUT_RESET|divclk[5] ; yes                                                              ; yes                                        ;
; LT24Setup:setup|LT24InitReset:DUT_RESET|divclk[4] ; yes                                                              ; yes                                        ;
; LT24Setup:setup|LT24InitReset:DUT_RESET|divclk[3] ; yes                                                              ; yes                                        ;
; LT24Setup:setup|LT24InitReset:DUT_RESET|divclk[2] ; yes                                                              ; yes                                        ;
; LT24Setup:setup|LT24InitReset:DUT_RESET|divclk[1] ; yes                                                              ; yes                                        ;
; LT24Setup:setup|LT24InitReset:DUT_RESET|divclk[0] ; yes                                                              ; yes                                        ;
; Total number of protected registers is 9          ;                                                                  ;                                            ;
+---------------------------------------------------+------------------------------------------------------------------+--------------------------------------------+


+------------------------------------------------------------------------------------------------------------------+
; Registers Removed During Synthesis                                                                               ;
+-------------------------------------------------------------------------+----------------------------------------+
; Register name                                                           ; Reason for Removal                     ;
+-------------------------------------------------------------------------+----------------------------------------+
; LT24Setup:setup|LT24_RD_N                                               ; Stuck at VCC due to stuck port data_in ;
; nono_graphics:graphics|nono_graphics_cursor:graphics_cursor|epres.E_WIN ; Lost fanout                            ;
; Total Number of Removed Registers = 2                                   ;                                        ;
+-------------------------------------------------------------------------+----------------------------------------+


+------------------------------------------------------+
; General Register Statistics                          ;
+----------------------------------------------+-------+
; Statistic                                    ; Value ;
+----------------------------------------------+-------+
; Total registers                              ; 734   ;
; Number of registers using Synchronous Clear  ; 208   ;
; Number of registers using Synchronous Load   ; 52    ;
; Number of registers using Asynchronous Clear ; 726   ;
; Number of registers using Asynchronous Load  ; 0     ;
; Number of registers using Clock Enable       ; 262   ;
; Number of registers using Preset             ; 0     ;
+----------------------------------------------+-------+


+--------------------------------------------------+
; Inverted Register Statistics                     ;
+----------------------------------------+---------+
; Inverted Register                      ; Fan out ;
+----------------------------------------+---------+
; LT24Setup:setup|LT24_RS                ; 1       ;
; nono_graphics:graphics|CONT_SOL[0]     ; 30      ;
; LT24Setup:setup|LT24_WR_N              ; 1       ;
; lcd_ctrl_ent:ctrl|LCD_RS               ; 2       ;
; Total number of inverted registers = 4 ;         ;
+----------------------------------------+---------+


+----------------------------------------------------------------------------------------------------------------------------------------------------------------------------------------------------------------------+
; Multiplexer Restructuring Statistics (Restructuring Performed)                                                                                                                                                       ;
+--------------------+-----------+---------------+----------------------+------------------------+------------+--------------------------------------------------------------------------------------------------------+
; Multiplexer Inputs ; Bus Width ; Baseline Area ; Area if Restructured ; Saving if Restructured ; Registered ; Example Multiplexer Output                                                                             ;
+--------------------+-----------+---------------+----------------------+------------------------+------------+--------------------------------------------------------------------------------------------------------+
; 3:1                ; 4 bits    ; 8 LEs         ; 4 LEs                ; 4 LEs                  ; Yes        ; |DE10_Standard_nonogramaneitor|mod_uart:uart|RLOOP[2]                                                  ;
; 3:1                ; 8 bits    ; 16 LEs        ; 0 LEs                ; 16 LEs                 ; Yes        ; |DE10_Standard_nonogramaneitor|LT24Setup:setup|LT24InitReset:DUT_RESET|cont_15usec[2]                  ;
; 3:1                ; 8 bits    ; 16 LEs        ; 0 LEs                ; 16 LEs                 ; Yes        ; |DE10_Standard_nonogramaneitor|LT24Setup:setup|LT24InitReset:DUT_RESET|cont_10usec[1]                  ;
; 3:1                ; 8 bits    ; 16 LEs        ; 0 LEs                ; 16 LEs                 ; Yes        ; |DE10_Standard_nonogramaneitor|LT24Setup:setup|LT24InitReset:DUT_RESET|cont_5msec[4]                   ;
; 3:1                ; 3 bits    ; 6 LEs         ; 3 LEs                ; 3 LEs                  ; Yes        ; |DE10_Standard_nonogramaneitor|nono_graphics:graphics|CONT_SOL[1]                                      ;
; 3:1                ; 4 bits    ; 8 LEs         ; 4 LEs                ; 4 LEs                  ; Yes        ; |DE10_Standard_nonogramaneitor|nono_graphics:graphics|CONT_SOL[3]                                      ;
; 3:1                ; 2 bits    ; 4 LEs         ; 2 LEs                ; 2 LEs                  ; Yes        ; |DE10_Standard_nonogramaneitor|nono_graphics:graphics|CONT_FIG[0]                                      ;
; 3:1                ; 4 bits    ; 8 LEs         ; 4 LEs                ; 4 LEs                  ; Yes        ; |DE10_Standard_nonogramaneitor|nono_graphics:graphics|RXPOS[3]                                         ;
; 3:1                ; 4 bits    ; 8 LEs         ; 4 LEs                ; 4 LEs                  ; Yes        ; |DE10_Standard_nonogramaneitor|nono_graphics:graphics|RYPOS[0]                                         ;
; 3:1                ; 7 bits    ; 14 LEs        ; 7 LEs                ; 7 LEs                  ; Yes        ; |DE10_Standard_nonogramaneitor|nono_graphics:graphics|nono_graphics_cursor:graphics_cursor|cont_dir[0] ;
; 3:1                ; 7 bits    ; 14 LEs        ; 7 LEs                ; 7 LEs                  ; Yes        ; |DE10_Standard_nonogramaneitor|nono_graphics:graphics|nono_graphics_cursor:graphics_cursor|same[2]     ;
; 3:1                ; 8 bits    ; 16 LEs        ; 0 LEs                ; 16 LEs                 ; Yes        ; |DE10_Standard_nonogramaneitor|LCD_DRAWING:drawing|XCUAD[7]                                            ;
; 3:1                ; 8 bits    ; 16 LEs        ; 0 LEs                ; 16 LEs                 ; Yes        ; |DE10_Standard_nonogramaneitor|LCD_DRAWING:drawing|XLINE[7]                                            ;
; 3:1                ; 32 bits   ; 64 LEs        ; 0 LEs                ; 64 LEs                 ; Yes        ; |DE10_Standard_nonogramaneitor|LT24Setup:setup|LT24InitReset:DUT_RESET|NumTicsXmSec[2]                 ;
; 3:1                ; 8 bits    ; 16 LEs        ; 0 LEs                ; 16 LEs                 ; Yes        ; |DE10_Standard_nonogramaneitor|LT24Setup:setup|LT24InitReset:DUT_RESET|NumTicsXuSec[0]                 ;
; 4:1                ; 7 bits    ; 14 LEs        ; 14 LEs               ; 0 LEs                  ; Yes        ; |DE10_Standard_nonogramaneitor|lcd_ctrl_ent:ctrl|numpix_internal[8]                                    ;
; 4:1                ; 8 bits    ; 16 LEs        ; 16 LEs               ; 0 LEs                  ; Yes        ; |DE10_Standard_nonogramaneitor|lcd_ctrl_ent:ctrl|numpix_internal[10]                                   ;
; 4:1                ; 17 bits   ; 34 LEs        ; 34 LEs               ; 0 LEs                  ; Yes        ; |DE10_Standard_nonogramaneitor|lcd_ctrl_ent:ctrl|RYROW[0]                                              ;
; 4:1                ; 16 bits   ; 32 LEs        ; 16 LEs               ; 16 LEs                 ; Yes        ; |DE10_Standard_nonogramaneitor|LCD_DRAWING:drawing|TRIA_PIX[6]                                         ;
; 4:1                ; 13 bits   ; 26 LEs        ; 13 LEs               ; 13 LEs                 ; Yes        ; |DE10_Standard_nonogramaneitor|LCD_DRAWING:drawing|LINE_PIX[15]                                        ;
; 4:1                ; 4 bits    ; 8 LEs         ; 8 LEs                ; 0 LEs                  ; Yes        ; |DE10_Standard_nonogramaneitor|LCD_DRAWING:drawing|LINE_PIX[7]                                         ;
; 4:1                ; 17 bits   ; 34 LEs        ; 17 LEs               ; 17 LEs                 ; Yes        ; |DE10_Standard_nonogramaneitor|LCD_DRAWING:drawing|CUAD_PIX[0]                                         ;
; 4:1                ; 5 bits    ; 10 LEs        ; 10 LEs               ; 0 LEs                  ; Yes        ; |DE10_Standard_nonogramaneitor|mod_uart:uart|RCONT[8]                                                  ;
; 4:1                ; 5 bits    ; 10 LEs        ; 10 LEs               ; 0 LEs                  ; Yes        ; |DE10_Standard_nonogramaneitor|mod_uart:uart|RCONT[9]                                                  ;
; 4:1                ; 3 bits    ; 6 LEs         ; 6 LEs                ; 0 LEs                  ; Yes        ; |DE10_Standard_nonogramaneitor|lcd_ctrl_ent:ctrl|QDAT[2]                                               ;
; 4:1                ; 9 bits    ; 18 LEs        ; 0 LEs                ; 18 LEs                 ; Yes        ; |DE10_Standard_nonogramaneitor|LCD_DRAWING:drawing|YLINE[7]                                            ;
; 4:1                ; 9 bits    ; 18 LEs        ; 0 LEs                ; 18 LEs                 ; Yes        ; |DE10_Standard_nonogramaneitor|LCD_DRAWING:drawing|YCUAD[8]                                            ;
; 4:1                ; 17 bits   ; 34 LEs        ; 0 LEs                ; 34 LEs                 ; Yes        ; |DE10_Standard_nonogramaneitor|LCD_DRAWING:drawing|YTRIA[4]                                            ;
; 10:1               ; 8 bits    ; 48 LEs        ; 0 LEs                ; 48 LEs                 ; Yes        ; |DE10_Standard_nonogramaneitor|LT24Setup:setup|LT24_D[8]                                               ;
; 10:1               ; 7 bits    ; 42 LEs        ; 42 LEs               ; 0 LEs                  ; Yes        ; |DE10_Standard_nonogramaneitor|LT24Setup:setup|LT24_D[5]                                               ;
; 3:1                ; 2 bits    ; 4 LEs         ; 4 LEs                ; 0 LEs                  ; No         ; |DE10_Standard_nonogramaneitor|LCD_DRAWING:drawing|SEL_FIG[0]                                          ;
; 3:1                ; 2 bits    ; 4 LEs         ; 4 LEs                ; 0 LEs                  ; No         ; |DE10_Standard_nonogramaneitor|nono_graphics:graphics|SEL_FIG[0]                                       ;
; 5:1                ; 17 bits   ; 51 LEs        ; 51 LEs               ; 0 LEs                  ; No         ; |DE10_Standard_nonogramaneitor|nono_graphics:graphics|XCOOR[7]                                         ;
; 6:1                ; 2 bits    ; 8 LEs         ; 8 LEs                ; 0 LEs                  ; No         ; |DE10_Standard_nonogramaneitor|LCD_DRAWING:drawing|RGB[11]                                             ;
+--------------------+-----------+---------------+----------------------+------------------------+------------+--------------------------------------------------------------------------------------------------------+


+----------------------------------------------------------------+
; Source assignments for LT24Setup:setup|LT24InitReset:DUT_RESET ;
+---------------------------+-------+------+---------------------+
; Assignment                ; Value ; From ; To                  ;
+---------------------------+-------+------+---------------------+
; PRESERVE_REGISTER         ; on    ; -    ; divclk[8]           ;
; PRESERVE_FANOUT_FREE_NODE ; on    ; -    ; divclk[8]           ;
; PRESERVE_REGISTER         ; on    ; -    ; divclk[7]           ;
; PRESERVE_FANOUT_FREE_NODE ; on    ; -    ; divclk[7]           ;
; PRESERVE_REGISTER         ; on    ; -    ; divclk[6]           ;
; PRESERVE_FANOUT_FREE_NODE ; on    ; -    ; divclk[6]           ;
; PRESERVE_REGISTER         ; on    ; -    ; divclk[5]           ;
; PRESERVE_FANOUT_FREE_NODE ; on    ; -    ; divclk[5]           ;
; PRESERVE_REGISTER         ; on    ; -    ; divclk[4]           ;
; PRESERVE_FANOUT_FREE_NODE ; on    ; -    ; divclk[4]           ;
; PRESERVE_REGISTER         ; on    ; -    ; divclk[3]           ;
; PRESERVE_FANOUT_FREE_NODE ; on    ; -    ; divclk[3]           ;
; PRESERVE_REGISTER         ; on    ; -    ; divclk[2]           ;
; PRESERVE_FANOUT_FREE_NODE ; on    ; -    ; divclk[2]           ;
; PRESERVE_REGISTER         ; on    ; -    ; divclk[1]           ;
; PRESERVE_FANOUT_FREE_NODE ; on    ; -    ; divclk[1]           ;
; PRESERVE_REGISTER         ; on    ; -    ; divclk[0]           ;
; PRESERVE_FANOUT_FREE_NODE ; on    ; -    ; divclk[0]           ;
+---------------------------+-------+------+---------------------+


+-------------------------------------------------------------------------------------------------------------------------+
; Port Connectivity Checks: "LT24Setup:setup|LT24InitLCD:DUT_InitLCD|romsinc:DUT_ROM"                                     ;
+---------------+--------+----------+-------------------------------------------------------------------------------------+
; Port          ; Type   ; Severity ; Details                                                                             ;
+---------------+--------+----------+-------------------------------------------------------------------------------------+
; datout[11..9] ; Output ; Info     ; Connected to dangling logic. Logic that only feeds a dangling port will be removed. ;
+---------------+--------+----------+-------------------------------------------------------------------------------------+


+-------------------------------------------------+
; Port Connectivity Checks: "LT24Setup:setup"     ;
+---------------+-------+----------+--------------+
; Port          ; Type  ; Severity ; Details      ;
+---------------+-------+----------+--------------+
; lt24_rd_n_int ; Input ; Info     ; Stuck at VCC ;
+---------------+-------+----------+--------------+


+--------------------------------------------------------------------------------------------------------+
; Port Connectivity Checks: "nono_graphics:graphics|nono_graphics_cursor:graphics_cursor|SUBMOD_RAM:RAM" ;
+---------+-------+----------+---------------------------------------------------------------------------+
; Port    ; Type  ; Severity ; Details                                                                   ;
+---------+-------+----------+---------------------------------------------------------------------------+
; data_in ; Input ; Info     ; Stuck at GND                                                              ;
+---------+-------+----------+---------------------------------------------------------------------------+


+-----------------------------------------------------+
; Post-Synthesis Netlist Statistics for Top Partition ;
+-----------------------+-----------------------------+
; Type                  ; Count                       ;
+-----------------------+-----------------------------+
; arriav_ff             ; 734                         ;
;     CLR               ; 386                         ;
;     CLR SCLR          ; 76                          ;
;     CLR SLD           ; 2                           ;
;     ENA CLR           ; 115                         ;
;     ENA CLR SCLR      ; 97                          ;
;     ENA CLR SCLR SLD  ; 35                          ;
;     ENA CLR SLD       ; 15                          ;
;     plain             ; 8                           ;
; arriav_lcell_comb     ; 1101                        ;
;     arith             ; 267                         ;
;         1 data inputs ; 226                         ;
;         2 data inputs ; 17                          ;
;         3 data inputs ; 18                          ;
;         4 data inputs ; 3                           ;
;         5 data inputs ; 3                           ;
;     extend            ; 96                          ;
;         7 data inputs ; 96                          ;
;     normal            ; 738                         ;
;         0 data inputs ; 2                           ;
;         1 data inputs ; 14                          ;
;         2 data inputs ; 85                          ;
;         3 data inputs ; 78                          ;
;         4 data inputs ; 199                         ;
;         5 data inputs ; 118                         ;
;         6 data inputs ; 242                         ;
; arriav_mac            ; 2                           ;
; boundary_port         ; 38                          ;
;                       ;                             ;
; Max LUT depth         ; 7.10                        ;
; Average LUT depth     ; 3.06                        ;
+-----------------------+-----------------------------+


+-------------------------------+
; Elapsed Time Per Partition    ;
+----------------+--------------+
; Partition Name ; Elapsed Time ;
+----------------+--------------+
; Top            ; 00:00:01     ;
+----------------+--------------+


+-------------------------------+
; Analysis & Synthesis Messages ;
+-------------------------------+
Info: *******************************************************************
Info: Running Quartus Prime Analysis & Synthesis
    Info: Version 18.1.0 Build 625 09/12/2018 SJ Lite Edition
    Info: Processing started: Sat Feb 17 00:49:03 2024
Info: Command: quartus_map --read_settings_files=on --write_settings_files=off DE10_Standard_nonogramaneitor -c DE10_Standard_nonogramaneitor
Info (20030): Parallel compilation is enabled and will use 8 of the 8 processors detected
Info (12021): Found 2 design units, including 1 entities, in source file /users/wicrux/documents/github/nonograma/ficherosvhdl/nono_cursor.vhd
    Info (12022): Found design unit 1: nono_cursor-nono_cursor_arch File: C:/Users/wicrux/Documents/GitHub/Nonograma/FicherosVHDL/NONO_CURSOR.vhd Line: 33
    Info (12023): Found entity 1: nono_cursor File: C:/Users/wicrux/Documents/GitHub/Nonograma/FicherosVHDL/NONO_CURSOR.vhd Line: 10
Info (12021): Found 2 design units, including 1 entities, in source file /users/wicrux/documents/github/nonograma/ficherosvhdl/nono_graphics.vhd
    Info (12022): Found design unit 1: nono_graphics-arch_nono_graphics File: C:/Users/wicrux/Documents/GitHub/Nonograma/FicherosVHDL/NONO_GRAPHICS.vhd Line: 25
    Info (12023): Found entity 1: nono_graphics File: C:/Users/wicrux/Documents/GitHub/Nonograma/FicherosVHDL/NONO_GRAPHICS.vhd Line: 7
Info (12021): Found 2 design units, including 1 entities, in source file /users/wicrux/documents/github/nonograma/ficherosvhdl/mod_uart.vhd
    Info (12022): Found design unit 1: mod_uart-mod_uart_arch File: C:/Users/wicrux/Documents/GitHub/Nonograma/FicherosVHDL/MOD_UART.vhd Line: 22
    Info (12023): Found entity 1: mod_uart File: C:/Users/wicrux/Documents/GitHub/Nonograma/FicherosVHDL/MOD_UART.vhd Line: 7
Info (12021): Found 2 design units, including 1 entities, in source file /users/wicrux/documents/github/nonograma/ficherosvhdl/cmd_process.vhd
    Info (12022): Found design unit 1: cmd_process-cmd_process_arch File: C:/Users/wicrux/Documents/GitHub/Nonograma/FicherosVHDL/CMD_PROCESS.vhd Line: 26
    Info (12023): Found entity 1: cmd_process File: C:/Users/wicrux/Documents/GitHub/Nonograma/FicherosVHDL/CMD_PROCESS.vhd Line: 7
Info (12021): Found 2 design units, including 1 entities, in source file /users/wicrux/documents/github/nonograma/ficherosvhdl/lcd_ctrl.vhd
    Info (12022): Found design unit 1: lcd_ctrl_ent-lcd_ctrl_arch File: C:/Users/wicrux/Documents/GitHub/Nonograma/FicherosVHDL/LCD_CTRL.vhd Line: 30
    Info (12023): Found entity 1: lcd_ctrl_ent File: C:/Users/wicrux/Documents/GitHub/Nonograma/FicherosVHDL/LCD_CTRL.vhd Line: 10
Info (12021): Found 2 design units, including 1 entities, in source file /users/wicrux/documents/github/nonograma/ficherosvhdl/submodule_ram.vhd
    Info (12022): Found design unit 1: SUBMOD_RAM-SUBMOD_RAM_arch File: C:/Users/wicrux/Documents/GitHub/Nonograma/FicherosVHDL/SUBMODULE_RAM.vhd Line: 20
    Info (12023): Found entity 1: SUBMOD_RAM File: C:/Users/wicrux/Documents/GitHub/Nonograma/FicherosVHDL/SUBMODULE_RAM.vhd Line: 6
Info (12021): Found 2 design units, including 1 entities, in source file /users/wicrux/documents/github/nonograma/ficherosvhdl/nono_graphics_cursor.vhd
    Info (12022): Found design unit 1: nono_graphics_cursor-nono_graphics_cursor_arch File: C:/Users/wicrux/Documents/GitHub/Nonograma/FicherosVHDL/NONO_GRAPHICS_cursor.vhd Line: 31
    Info (12023): Found entity 1: nono_graphics_cursor File: C:/Users/wicrux/Documents/GitHub/Nonograma/FicherosVHDL/NONO_GRAPHICS_cursor.vhd Line: 7
Info (12021): Found 2 design units, including 1 entities, in source file /users/wicrux/documents/github/nonograma/ficherosvhdl/lcd_drawing.2.0.vhd
    Info (12022): Found design unit 1: LCD_DRAWING-arch_LCD_DRAWING File: C:/Users/wicrux/Documents/GitHub/Nonograma/FicherosVHDL/LCD_DRAWING.2.0.vhd Line: 25
    Info (12023): Found entity 1: LCD_DRAWING File: C:/Users/wicrux/Documents/GitHub/Nonograma/FicherosVHDL/LCD_DRAWING.2.0.vhd Line: 5
Info (12021): Found 2 design units, including 1 entities, in source file de10_standard_nonogramaneitor.vhd
    Info (12022): Found design unit 1: DE10_Standard_nonogramaneitor-rtl File: C:/Users/wicrux/Documents/GitHub/Nonograma/Quartus/DE10_Standard_nonogramaneitor.vhd Line: 73
    Info (12023): Found entity 1: DE10_Standard_nonogramaneitor File: C:/Users/wicrux/Documents/GitHub/Nonograma/Quartus/DE10_Standard_nonogramaneitor.vhd Line: 5
Info (12021): Found 2 design units, including 1 entities, in source file /users/wicrux/documents/github/nonograma/lt24setup/romsinc.vhd
    Info (12022): Found design unit 1: romsinc-a File: C:/Users/wicrux/Documents/GitHub/Nonograma/LT24Setup/romsinc.vhd Line: 14
    Info (12023): Found entity 1: romsinc File: C:/Users/wicrux/Documents/GitHub/Nonograma/LT24Setup/romsinc.vhd Line: 6
Info (12021): Found 2 design units, including 1 entities, in source file /users/wicrux/documents/github/nonograma/lt24setup/lt24setup.vhd
    Info (12022): Found design unit 1: LT24Setup-rtl_0 File: C:/Users/wicrux/Documents/GitHub/Nonograma/LT24Setup/LT24setup.vhd Line: 47
    Info (12023): Found entity 1: LT24Setup File: C:/Users/wicrux/Documents/GitHub/Nonograma/LT24Setup/LT24setup.vhd Line: 23
Info (12021): Found 2 design units, including 1 entities, in source file /users/wicrux/documents/github/nonograma/lt24setup/lt24initreset.vhd
    Info (12022): Found design unit 1: LT24InitReset-a File: C:/Users/wicrux/Documents/GitHub/Nonograma/LT24Setup/LT24InitReset.vhd Line: 34
    Info (12023): Found entity 1: LT24InitReset File: C:/Users/wicrux/Documents/GitHub/Nonograma/LT24Setup/LT24InitReset.vhd Line: 21
Info (12021): Found 2 design units, including 1 entities, in source file /users/wicrux/documents/github/nonograma/lt24setup/lt24initlcd.vhd
    Info (12022): Found design unit 1: LT24InitLCD-a File: C:/Users/wicrux/Documents/GitHub/Nonograma/LT24Setup/LT24InitLCD.vhd Line: 40
    Info (12023): Found entity 1: LT24InitLCD File: C:/Users/wicrux/Documents/GitHub/Nonograma/LT24Setup/LT24InitLCD.vhd Line: 23
Info (12021): Found 2 design units, including 0 entities, in source file /users/wicrux/documents/github/nonograma/lt24setup/init128rom_pkg.vhd
    Info (12022): Found design unit 1: romData_pkg File: C:/Users/wicrux/Documents/GitHub/Nonograma/LT24Setup/Init128rom_pkg.vhd Line: 5
    Info (12022): Found design unit 2: romData_pkg-body File: C:/Users/wicrux/Documents/GitHub/Nonograma/LT24Setup/Init128rom_pkg.vhd Line: 14
Info (12127): Elaborating entity "DE10_Standard_nonogramaneitor" for the top level hierarchy
Info (12128): Elaborating entity "lcd_ctrl_ent" for hierarchy "lcd_ctrl_ent:ctrl" File: C:/Users/wicrux/Documents/GitHub/Nonograma/Quartus/DE10_Standard_nonogramaneitor.vhd Line: 293
Info (12128): Elaborating entity "mod_uart" for hierarchy "mod_uart:uart" File: C:/Users/wicrux/Documents/GitHub/Nonograma/Quartus/DE10_Standard_nonogramaneitor.vhd Line: 319
Info (12128): Elaborating entity "cmd_process" for hierarchy "cmd_process:process_cmd" File: C:/Users/wicrux/Documents/GitHub/Nonograma/Quartus/DE10_Standard_nonogramaneitor.vhd Line: 330
Info (12128): Elaborating entity "LCD_DRAWING" for hierarchy "LCD_DRAWING:drawing" File: C:/Users/wicrux/Documents/GitHub/Nonograma/Quartus/DE10_Standard_nonogramaneitor.vhd Line: 350
Info (12128): Elaborating entity "nono_cursor" for hierarchy "nono_cursor:cursor" File: C:/Users/wicrux/Documents/GitHub/Nonograma/Quartus/DE10_Standard_nonogramaneitor.vhd Line: 379
Info (12128): Elaborating entity "nono_graphics" for hierarchy "nono_graphics:graphics" File: C:/Users/wicrux/Documents/GitHub/Nonograma/Quartus/DE10_Standard_nonogramaneitor.vhd Line: 399
Info (12128): Elaborating entity "nono_graphics_cursor" for hierarchy "nono_graphics:graphics|nono_graphics_cursor:graphics_cursor" File: C:/Users/wicrux/Documents/GitHub/Nonograma/FicherosVHDL/NONO_GRAPHICS.vhd Line: 90
Info (12128): Elaborating entity "SUBMOD_RAM" for hierarchy "nono_graphics:graphics|nono_graphics_cursor:graphics_cursor|SUBMOD_RAM:RAM" File: C:/Users/wicrux/Documents/GitHub/Nonograma/FicherosVHDL/NONO_GRAPHICS_cursor.vhd Line: 94
Info (12128): Elaborating entity "LT24Setup" for hierarchy "LT24Setup:setup" File: C:/Users/wicrux/Documents/GitHub/Nonograma/Quartus/DE10_Standard_nonogramaneitor.vhd Line: 439
Info (12128): Elaborating entity "LT24InitReset" for hierarchy "LT24Setup:setup|LT24InitReset:DUT_RESET" File: C:/Users/wicrux/Documents/GitHub/Nonograma/LT24Setup/LT24setup.vhd Line: 108
Info (12128): Elaborating entity "LT24InitLCD" for hierarchy "LT24Setup:setup|LT24InitLCD:DUT_InitLCD" File: C:/Users/wicrux/Documents/GitHub/Nonograma/LT24Setup/LT24setup.vhd Line: 122
Info (12128): Elaborating entity "romsinc" for hierarchy "LT24Setup:setup|LT24InitLCD:DUT_InitLCD|romsinc:DUT_ROM" File: C:/Users/wicrux/Documents/GitHub/Nonograma/LT24Setup/LT24InitLCD.vhd Line: 85
Info (276014): Found 1 instances of uninferred RAM logic
    Info (276004): RAM logic "LT24Setup:setup|LT24InitLCD:DUT_InitLCD|romsinc:DUT_ROM|rom" is uninferred due to inappropriate RAM size File: C:/Users/wicrux/Documents/GitHub/Nonograma/LT24Setup/romsinc.vhd Line: 16
Warning (13024): Output pins are stuck at VCC or GND
    Warning (13410): Pin "LT24_LCD_ON" is stuck at VCC File: C:/Users/wicrux/Documents/GitHub/Nonograma/Quartus/DE10_Standard_nonogramaneitor.vhd Line: 17
    Warning (13410): Pin "LT24_RD_N" is stuck at VCC File: C:/Users/wicrux/Documents/GitHub/Nonograma/Quartus/DE10_Standard_nonogramaneitor.vhd Line: 20
Info (286030): Timing-Driven Synthesis is running
Info (17049): 1 registers lost all their fanouts during netlist optimizations.
Info (16010): Generating hard_block partition "hard_block:auto_generated_inst"
    Info (16011): Adding 0 node(s), including 0 DDIO, 0 PLL, 0 transceiver and 0 LCELL
Warning (21074): Design contains 13 input pin(s) that do not drive logic
    Warning (15610): No output dependent on input pin "KEY[1]" File: C:/Users/wicrux/Documents/GitHub/Nonograma/Quartus/DE10_Standard_nonogramaneitor.vhd Line: 10
    Warning (15610): No output dependent on input pin "KEY[2]" File: C:/Users/wicrux/Documents/GitHub/Nonograma/Quartus/DE10_Standard_nonogramaneitor.vhd Line: 10
    Warning (15610): No output dependent on input pin "KEY[3]" File: C:/Users/wicrux/Documents/GitHub/Nonograma/Quartus/DE10_Standard_nonogramaneitor.vhd Line: 10
    Warning (15610): No output dependent on input pin "SW[0]" File: C:/Users/wicrux/Documents/GitHub/Nonograma/Quartus/DE10_Standard_nonogramaneitor.vhd Line: 14
    Warning (15610): No output dependent on input pin "SW[1]" File: C:/Users/wicrux/Documents/GitHub/Nonograma/Quartus/DE10_Standard_nonogramaneitor.vhd Line: 14
    Warning (15610): No output dependent on input pin "SW[2]" File: C:/Users/wicrux/Documents/GitHub/Nonograma/Quartus/DE10_Standard_nonogramaneitor.vhd Line: 14
    Warning (15610): No output dependent on input pin "SW[3]" File: C:/Users/wicrux/Documents/GitHub/Nonograma/Quartus/DE10_Standard_nonogramaneitor.vhd Line: 14
    Warning (15610): No output dependent on input pin "SW[4]" File: C:/Users/wicrux/Documents/GitHub/Nonograma/Quartus/DE10_Standard_nonogramaneitor.vhd Line: 14
    Warning (15610): No output dependent on input pin "SW[5]" File: C:/Users/wicrux/Documents/GitHub/Nonograma/Quartus/DE10_Standard_nonogramaneitor.vhd Line: 14
    Warning (15610): No output dependent on input pin "SW[6]" File: C:/Users/wicrux/Documents/GitHub/Nonograma/Quartus/DE10_Standard_nonogramaneitor.vhd Line: 14
    Warning (15610): No output dependent on input pin "SW[7]" File: C:/Users/wicrux/Documents/GitHub/Nonograma/Quartus/DE10_Standard_nonogramaneitor.vhd Line: 14
    Warning (15610): No output dependent on input pin "SW[8]" File: C:/Users/wicrux/Documents/GitHub/Nonograma/Quartus/DE10_Standard_nonogramaneitor.vhd Line: 14
    Warning (15610): No output dependent on input pin "SW[9]" File: C:/Users/wicrux/Documents/GitHub/Nonograma/Quartus/DE10_Standard_nonogramaneitor.vhd Line: 14
Info (21057): Implemented 1236 device resources after synthesis - the final resource count might be different
    Info (21058): Implemented 16 input pins
    Info (21059): Implemented 22 output pins
    Info (21061): Implemented 1196 logic cells
    Info (21062): Implemented 2 DSP elements
Info: Quartus Prime Analysis & Synthesis was successful. 0 errors, 17 warnings
    Info: Peak virtual memory: 4903 megabytes
    Info: Processing ended: Sat Feb 17 00:49:13 2024
    Info: Elapsed time: 00:00:10
    Info: Total CPU time (on all processors): 00:00:19


